// Jest Snapshot v1, https://goo.gl/fbAQLP

exports[`App component should render 1`] = `
.c1 {
  font-size: 1.5em;
  font-weight: bolder;
}

.c2 {
  display: grid;
  grid-template-columns: repeat(2,auto);
}

.c0 {
  font-family: sans-serif display:flex;
}

<div
  className="c0"
>
  <div
    className="c1"
  >
     (
     reviews)
  </div>
  <div
    className="c2"
  />
</div>
`;
