// Jest Snapshot v1, https://goo.gl/fbAQLP

exports[`Review Entry Component should render 1`] = `
.c1 {
  display: -webkit-box;
  display: -webkit-flex;
  display: -ms-flexbox;
  display: flex;
  margin-bottom: 10px;
}

.c2 {
  border-radius: 50%;
  -webkit-flex-direction: column;
  -ms-flex-direction: column;
  flex-direction: column;
  height: 50px;
  margin-right: 10px;
  width: 50px;
}

.c3 {
  -webkit-flex-direction: row;
  -ms-flex-direction: row;
  flex-direction: row;
}

.c4 {
  color: #B3B3B3;
}

.c0 {
  margin: 25px 50px 25px 50px;
  padding-bottom: 30px;
}

<div
  className="c0"
>
  <div
    className="c1"
  >
    <img
      className="c2"
      id="reviewDp"
      src="https://dteamdp.s3-us-west-2.amazonaws.com/pug11.jpg"
    />
    <div
      className="c3"
    >
      <b>
        Michael
      </b>
      <br />
      <span
        className="c4"
      >
        July 2016
      </span>
    </div>
  </div>
  here is some text
</div>
`;
